"Product Not Found"